
> truck-track@0.1.0 build
> next build

   ▲ Next.js 15.4.6

   Creating an optimized production build ...
 ✓ Compiled successfully in 4.0s
   Linting and checking validity of types ...
Failed to compile.

./src/components/containers/Faq/ui/FAQAccordion.tsx:15:6
Type error: Type '{ children: Element[]; type: "single"; collapsible: true; }' is not assignable to type 'IntrinsicAttributes & ((AccordionSingleProps | AccordionMultipleProps) & RefAttributes<HTMLDivElement>)'.
  Property 'children' does not exist on type 'IntrinsicAttributes & AccordionSingleProps & RefAttributes<HTMLDivElement>'.

[0m [90m 13 |[39m [36mexport[39m [36mfunction[39m [33mFAQAccordion[39m({ [33mFAQ_QUESTIONS[39m }[33m:[39m [33mProps[39m) {
 [90m 14 |[39m   [36mreturn[39m (
[31m[1m>[22m[39m[90m 15 |[39m     [33m<[39m[33mAccordion[39m type[33m=[39m[32m"single"[39m collapsible[33m>[39m
 [90m    |[39m      [31m[1m^[22m[39m
 [90m 16 |[39m       {[33mFAQ_QUESTIONS[39m[33m.[39mmap((item[33m,[39m index) [33m=>[39m {
 [90m 17 |[39m         [36mreturn[39m (
 [90m 18 |[39m           [33m<[39m[33mAccordionItem[39m value[33m=[39m{[32m`item-${index}`[39m} key[33m=[39m{index}[33m>[39m[0m
Next.js build worker exited with code: 1 and signal: null
npm error Lifecycle script `build` failed with error:
npm error code 1
npm error path D:\OneDrive\Documents\TruckTrack\truck-track\apps\marketing
npm error workspace truck-track@0.1.0
npm error location D:\OneDrive\Documents\TruckTrack\truck-track\apps\marketing
npm error command failed
npm error command C:\WINDOWS\system32\cmd.exe /d /s /c next build
